---
source: tests/snapshots.rs
expression: buffer_to_text(&buf)
---
 FILTERS                  ┌ Timesheet  Tue 2026-05-05  by project┐ DETAIL · TIMESHEET               
                          │                                      │                                  
 MATTERS · BILLABLE       │  +Smith @drafting  —  2h 0m (2.0h) (2│ PERIOD                           
   +Smith           3h 00m│    • Draft motion                    │ billable  3.0h                   
                          │  +Smith @research  —  1h 0m (1.0h) (1│ non-bill  0.0h                   
 TOTALS                   │    • Review discovery                │ total     3.0h                   
   billable         3h 00m│                                      │                                  
   non-bill             0m│  Billable: 3h 0m (3.0h) (3.0h)       │ ENTRY                            
   total            3h 00m│  Total:    3h 0m (3.0h) (3.0h)       │2026-05-05                        
                          │  Unaccounted: 6h 0m of 9h 0m         │+Smith @drafting                  
                          │                                      │ group dur 2.0h · billable        
                          │                                      │                                  
                          │                                      │ NARRATIVE 1/1                    
                          │                                      │  Draft motion                    
                          │                                      │                                  
                          │                                      │                                  
                          │                                      │                                  
                          │                                      │                                  
                          │                                      │                                  
                          │                                      │                                  
                          │                                      │                                  
                          │                                      │                                  
                          │                                      │                                  
                          │                                      │                                  
                          │                                      │                                  
                          │                                      │                                  
                          │                                      │                                  
                          │                                      │                                  
                          │                                      │                                  
                          │                                      │                                  
                          └──────────────────────────────────────┘                                  
 TIMESHEET   j/k navigate  ·  Enter edit  ·  b billable  ·  a2 open · 2026-05-06 · tuxtime 2026.7.1
