---
source: tests/snapshots.rs
expression: buffer_to_text(&buf)
---
 FILTERS                   ▶▮◀ /tmp/tuxtime-snapshot.txt  •  15 ta DETAIL                           
     ┌ tuxtime · help ────────────────────────────────────────────────────────────────────────┐     
 PROJ│  NAVIGATION                                  VIEW & FILTERS                            │     
   +w│    j / ↓             next task                 /                 fuzzy search          │     
   +h│    k / ↑             previous task             fp / fc           filter project/context│     
   +f│    gg                first task                ff / fs           saved filter pick/save│     
   +h│    G                 last task                 S                 cycle sort            │     
   +l│    Ctrl-d / Ctrl-u   page down / up            v                 visual / multi-select │     
   +p│                                                l                 list view             │     
   +t│  EDITING                                       a                 archive view          │     
     │    n                 new task                  A                 archive completed     │rd   
 CONT│    e                 edit line (normal)        H                 show done in list     │     
   @e│    i                 edit line (insert)        F                 show future in list   │     
   @h│    r                 reschedule task           [ / ]             toggle filter / detail│     
   @l│    x                 toggle complete           D                 cycle density         │     
   @p│    dd                delete task               L                 toggle line numbers   │     
     │    p                 cycle priority A→B→C→·    Z                 theme picker          │     
     │    J / K             move task down / up                                               │     
     │    c                 add/remove context      TIMESHEET (V to open)                     │     
     │    +                 add project               w / d             weekly / daily view   │     
     │    b                 toggle billable           s                 cycle sort            │     
     │    yy / yb           copy line / body          h / l             day back / forward    │     
     │    u                 undo                      H / L             week back / forward   │     
     │    o / O             open / create note        t                 jump to today         │     
     │                                                g                 calendar date picker  │     
     │  TIMER                                         j / k             next / prev narrative │     
     │    t                 start / stop timer        Enter             edit narrative        │     
     │    M                 manual time entry         b                 toggle billable       │     
     │────────────────────────────────────────────────────────────────────────────────────────│     
     └────────────────────────────────────────────────────────────────────────────────────────┘     
                                                                                                    
 HELP   ? close help                                        15 open · 2026-05-06 · tuxtime 2026.7.1
