---
source: tests/snapshots.rs
expression: buffer_to_text(&buf)
---
 FILTERS                  ┌ Timesheet  Wed 2026-05-06  by project┐ DETAIL · TIMESHEET               
                          │                                      │                                  
 MATTERS · BILLABLE       │  +Smith @drafting  —  2h 0m  (2.0h)  │ PERIOD                           
   +Smith           2h 00m│    ▸ draft the opposition brief for  │ billable     2.0h                
                          │      the Smith versus Jones summary  │ non-billable 0.0h                
 TOTALS                   │      judgment hearing with a very    │ total        2.0h                
   billable         2h 00m│      long narrative body that keeps  │                                  
   non-billable         0m│      going and going and going       │ ENTRY                            
   total            2h 00m│                                      │2026-05-06                        
                          │                                      │+Smith @drafting                  
                          │                                      │ group dur     2.0h  · billable   
                          │                                      │ status       open                
                          │                                      │                                  
                          │                                      │ NARRATIVE 1/1                    
                          │                                      │  draft the opposition brief for  
                          │                                      │  the Smith versus Jones summary  
                          │                                      │  judgment hearing with a very    
                          │                                      │  long narrative body that keeps  
                          │                                      │  going and going and going       
                          │                                      │                                  
                          │                                      │                                  
                          │                                      │                                  
                          │                                      │                                  
                          │                                      │                                  
                          │                                      │                                  
                          │                                      │                                  
                          │                                      │                                  
                          │                                      │                                  
                          │  Billable:     2h 0m (2.0h)          │                                  
                          │  Total:        2h 0m (2.0h)          │                                  
                          └──────────────────────────────────────┘                                  
 TIMESHEET   j/k navigate  ·  J/K group  ·  Enter edit  ·  b 1 open · 2026-05-06 · tuxtime 2026.7.8
