---
source: tests/snapshots.rs
expression: buffer_to_styled(&buf)
---
{fg=#6b7280 bg=#1f232b mod=bold} FILTERS{/}{fg=#c8ccd4 bg=#1f232b}                  {/}{fg=#2a2f38 bg=#1f232b}┌ Timesheet {/}{fg=#1a1d23 bg=#8aa9c9 mod=bold} Wed 2026-05-06 (week) {/}{fg=#6b7280 bg=#1f232b} by {/}{fg=#2a2f38 bg=#1f232b}┐{/}{fg=#6b7280 bg=#1f232b mod=bold} DETAIL · TIMESHEET{/}{fg=#c8ccd4 bg=#1f232b}               {/}
{fg=#c8ccd4 bg=#1f232b}                          {/}{fg=#2a2f38 bg=#1f232b}│{/}{bg=#1f232b}                                      {/}{fg=#2a2f38 bg=#1f232b}│{/}{fg=#c8ccd4 bg=#1f232b}                                  {/}
{fg=#7fb3a8 bg=#1f232b mod=bold} MATTERS · BILLABLE{/}{fg=#c8ccd4 bg=#1f232b}       {/}{fg=#2a2f38 bg=#1f232b}│{/}{fg=#e07a7a bg=#1f232b mod=bold}  Tue 2026-05-05{/}{bg=#1f232b}                      {/}{fg=#2a2f38 bg=#1f232b}│{/}{fg=#8aa9c9 bg=#1f232b} PERIOD{/}{fg=#c8ccd4 bg=#1f232b}                           {/}
{fg=#c8ccd4 bg=#1f232b} {/}{fg=#8aa9c9 bg=#1f232b}  {/}{fg=#7fb3a8 bg=#1f232b}+Smith          {/}{fg=#c8ccd4 bg=#1f232b} 4h 15m{/}{fg=#2a2f38 bg=#1f232b}│{/}{fg=#8aa9c9 bg=#2f3947 mod=bold}  +Smith @drafting  — {/}{fg=#1a1d23 bg=#8aa9c9 mod=bold} 2h 0m (2.0h) {/}{fg=#8aa9c9 bg=#2f3947 mod=bold} ({/}{fg=#2a2f38 bg=#1f232b}│{/}{fg=#6b7280 bg=#1f232b} billable     {/}{fg=#c8ccd4 bg=#1f232b}4.3h                {/}
{fg=#c8ccd4 bg=#1f232b}                          {/}{fg=#2a2f38 bg=#1f232b}│{/}{fg=#c8ccd4 bg=#2f3947 mod=bold}    • Draft motion for summary judgmen{/}{fg=#2a2f38 bg=#1f232b}│{/}{fg=#6b7280 bg=#1f232b} non-billable {/}{fg=#c8ccd4 bg=#1f232b}0.0h                {/}
{fg=#8aa9c9 bg=#1f232b mod=bold} TOTALS{/}{fg=#c8ccd4 bg=#1f232b}                   {/}{fg=#2a2f38 bg=#1f232b}│{/}{fg=#8aa9c9 bg=#1f232b mod=bold}  +Smith @research  — {/}{fg=#1a1d23 bg=#8aa9c9 mod=bold} 1h 0m (1.0h) {/}{fg=#8aa9c9 bg=#1f232b mod=bold} ({/}{fg=#2a2f38 bg=#1f232b}│{/}{fg=#6b7280 bg=#1f232b} total        {/}{fg=#c8ccd4 bg=#1f232b}4.3h                {/}
{fg=#c8ccd4 bg=#1f232b}   {/}{fg=#6b7280 bg=#1f232b}billable        {/}{fg=#c8ccd4 bg=#1f232b} 4h 15m{/}{fg=#2a2f38 bg=#1f232b}│{/}{fg=#c8ccd4 bg=#1f232b}    • Review discovery responses{/}{bg=#1f232b}      {/}{fg=#2a2f38 bg=#1f232b}│{/}{fg=#c8ccd4 bg=#1f232b}                                  {/}
{fg=#c8ccd4 bg=#1f232b}   {/}{fg=#6b7280 bg=#1f232b}non-billable    {/}{fg=#c8ccd4 bg=#1f232b}     0m{/}{fg=#2a2f38 bg=#1f232b}│{/}{fg=#6b7280 bg=#1f232b}    ──  3h 0m (3.0h) (3.0h){/}{bg=#1f232b}           {/}{fg=#2a2f38 bg=#1f232b}│{/}{fg=#8aa9c9 bg=#1f232b} ENTRY{/}{fg=#c8ccd4 bg=#1f232b}                            {/}
{fg=#c8ccd4 bg=#1f232b}   {/}{fg=#6b7280 bg=#1f232b}total           {/}{fg=#c8ccd4 bg=#1f232b} 4h 15m{/}{fg=#2a2f38 bg=#1f232b}│{/}{bg=#1f232b}                                      {/}{fg=#2a2f38 bg=#1f232b}│{/}{fg=#c8ccd4 bg=#1f232b}2026-05-05                        {/}
{fg=#c8ccd4 bg=#1f232b}                          {/}{fg=#2a2f38 bg=#1f232b}│{/}{fg=#e07a7a bg=#1f232b mod=bold}  Wed 2026-05-06{/}{bg=#1f232b}                      {/}{fg=#2a2f38 bg=#1f232b}│{/}{fg=#7fb3a8 bg=#1f232b}+Smith @drafting{/}{fg=#c8ccd4 bg=#1f232b}                  {/}
{fg=#c8ccd4 bg=#1f232b}                          {/}{fg=#2a2f38 bg=#1f232b}│{/}{fg=#8aa9c9 bg=#1f232b mod=bold}  +Smith @drafting  — {/}{fg=#1a1d23 bg=#8aa9c9 mod=bold} 30m (0.5h) {/}{fg=#8aa9c9 bg=#1f232b mod=bold} (0.{/}{fg=#2a2f38 bg=#1f232b}│{/}{fg=#6b7280 bg=#1f232b} group dur    {/}{fg=#1a1d23 bg=#8aa9c9 mod=bold} 2.0h {/}{fg=#c8ccd4 bg=#1f232b} · billable   {/}
{fg=#c8ccd4 bg=#1f232b}                          {/}{fg=#2a2f38 bg=#1f232b}│{/}{fg=#c8ccd4 bg=#1f232b}    • Prepare exhibit list{/}{bg=#1f232b}            {/}{fg=#2a2f38 bg=#1f232b}│{/}{fg=#c8ccd4 bg=#1f232b}                                  {/}
{fg=#c8ccd4 bg=#1f232b}                          {/}{fg=#2a2f38 bg=#1f232b}│{/}{fg=#8aa9c9 bg=#1f232b mod=bold}  +Smith @meeting  — {/}{fg=#1a1d23 bg=#8aa9c9 mod=bold} 45m (0.8h) {/}{fg=#8aa9c9 bg=#1f232b mod=bold} (0.8{/}{fg=#2a2f38 bg=#1f232b}│{/}{fg=#8aa9c9 bg=#1f232b} NARRATIVE 1/1 {/}{fg=#c8ccd4 bg=#1f232b}                   {/}
{fg=#c8ccd4 bg=#1f232b}                          {/}{fg=#2a2f38 bg=#1f232b}│{/}{fg=#c8ccd4 bg=#1f232b}    • Conference call with client{/}{bg=#1f232b}     {/}{fg=#2a2f38 bg=#1f232b}│{/}{fg=#c8ccd4 bg=#1f232b}  Draft motion for summary        {/}
{fg=#c8ccd4 bg=#1f232b}                          {/}{fg=#2a2f38 bg=#1f232b}│{/}{fg=#6b7280 bg=#1f232b}    ──  1h 15m (1.3h) (1.3h){/}{bg=#1f232b}          {/}{fg=#2a2f38 bg=#1f232b}│{/}{fg=#c8ccd4 bg=#1f232b}  judgment                        {/}
{fg=#c8ccd4 bg=#1f232b}                          {/}{fg=#2a2f38 bg=#1f232b}│{/}{bg=#1f232b}                                      {/}{fg=#2a2f38 bg=#1f232b}│{/}{fg=#c8ccd4 bg=#1f232b}                                  {/}
{fg=#c8ccd4 bg=#1f232b}                          {/}{fg=#2a2f38 bg=#1f232b}│{/}{bg=#1f232b}                                      {/}{fg=#2a2f38 bg=#1f232b}│{/}{fg=#c8ccd4 bg=#1f232b}                                  {/}
{fg=#c8ccd4 bg=#1f232b}                          {/}{fg=#2a2f38 bg=#1f232b}│{/}{bg=#1f232b}                                      {/}{fg=#2a2f38 bg=#1f232b}│{/}{fg=#c8ccd4 bg=#1f232b}                                  {/}
{fg=#c8ccd4 bg=#1f232b}                          {/}{fg=#2a2f38 bg=#1f232b}│{/}{bg=#1f232b}                                      {/}{fg=#2a2f38 bg=#1f232b}│{/}{fg=#c8ccd4 bg=#1f232b}                                  {/}
{fg=#c8ccd4 bg=#1f232b}                          {/}{fg=#2a2f38 bg=#1f232b}│{/}{bg=#1f232b}                                      {/}{fg=#2a2f38 bg=#1f232b}│{/}{fg=#c8ccd4 bg=#1f232b}                                  {/}
{fg=#c8ccd4 bg=#1f232b}                          {/}{fg=#2a2f38 bg=#1f232b}│{/}{bg=#1f232b}                                      {/}{fg=#2a2f38 bg=#1f232b}│{/}{fg=#c8ccd4 bg=#1f232b}                                  {/}
{fg=#c8ccd4 bg=#1f232b}                          {/}{fg=#2a2f38 bg=#1f232b}│{/}{bg=#1f232b}                                      {/}{fg=#2a2f38 bg=#1f232b}│{/}{fg=#c8ccd4 bg=#1f232b}                                  {/}
{fg=#c8ccd4 bg=#1f232b}                          {/}{fg=#2a2f38 bg=#1f232b}│{/}{bg=#1f232b}                                      {/}{fg=#2a2f38 bg=#1f232b}│{/}{fg=#c8ccd4 bg=#1f232b}                                  {/}
{fg=#c8ccd4 bg=#1f232b}                          {/}{fg=#2a2f38 bg=#1f232b}│{/}{bg=#1f232b}                                      {/}{fg=#2a2f38 bg=#1f232b}│{/}{fg=#c8ccd4 bg=#1f232b}                                  {/}
{fg=#c8ccd4 bg=#1f232b}                          {/}{fg=#2a2f38 bg=#1f232b}│{/}{bg=#1f232b}                                      {/}{fg=#2a2f38 bg=#1f232b}│{/}{fg=#c8ccd4 bg=#1f232b}                                  {/}
{fg=#c8ccd4 bg=#1f232b}                          {/}{fg=#2a2f38 bg=#1f232b}│{/}{bg=#1f232b}                                      {/}{fg=#2a2f38 bg=#1f232b}│{/}{fg=#c8ccd4 bg=#1f232b}                                  {/}
{fg=#c8ccd4 bg=#1f232b}                          {/}{fg=#2a2f38 bg=#1f232b}│{/}{bg=#1f232b}                                      {/}{fg=#2a2f38 bg=#1f232b}│{/}{fg=#c8ccd4 bg=#1f232b}                                  {/}
{fg=#c8ccd4 bg=#1f232b}                          {/}{fg=#2a2f38 bg=#1f232b}│{/}{bg=#1f232b}                                      {/}{fg=#2a2f38 bg=#1f232b}│{/}{fg=#c8ccd4 bg=#1f232b}                                  {/}
{fg=#c8ccd4 bg=#1f232b}                          {/}{fg=#2a2f38 bg=#1f232b}│{/}{fg=#8aa9c9 bg=#1f232b mod=bold}  Billable:     4h 15m (4.3h) (4.3h){/}{bg=#1f232b}  {/}{fg=#2a2f38 bg=#1f232b}│{/}{fg=#c8ccd4 bg=#1f232b}                                  {/}
{fg=#c8ccd4 bg=#1f232b}                          {/}{fg=#2a2f38 bg=#1f232b}│{/}{fg=#8aa9c9 bg=#1f232b mod=bold}  Total:        4h 15m (4.3h) (4.3h){/}{bg=#1f232b}  {/}{fg=#2a2f38 bg=#1f232b}│{/}{fg=#c8ccd4 bg=#1f232b}                                  {/}
{fg=#c8ccd4 bg=#1f232b}                          {/}{fg=#2a2f38 bg=#1f232b}└──────────────────────────────────────┘{/}{fg=#c8ccd4 bg=#1f232b}                                  {/}
{fg=#1a1d23 bg=#8aa9c9 mod=bold} TIMESHEET {/}{bg=#252a33}  {/}{fg=#a8b0bc bg=#252a33}j/k navigate  ·  Enter edit  ·  b billable  ·  n{/}{fg=#6b7280 bg=#252a33}4 open · 2026-05-06 · tuxtime 2026.7.3 {/}
