---
source: tests/snapshots.rs
expression: buffer_to_text(&buf)
---
 ▶▮◀ /tmp/tuxtime-snapshot.txt  •  0 tasks  •  sort:priority                                        
                                                                                                    
                                                                                                    
                                                                                                    
                                                                                                    
                                                                                                    
                                                                                                    
                                                                                                    
                      ┌ tuxtime ─────────────────────────────────────────────┐                      
                      │                    ██          ██                    │                      
                      │                    ████  ██  ████                    │                      
                      │                    ██████████████                    │                      
                      │                    ████  ██  ████                    │                      
                      │                    ██          ██                    │                      
                      │                                                      │                      
                      │  no tasks yet — let's get started                    │                      
                      │                                                      │                      
                      │   n   add a task                                     │                      
                      │   ?   show all keybindings                           │                      
                      │   ,   settings                                       │                      
                      │   q   quit                                           │                      
                      │                                                      │                      
                      │   format: (A) Buy milk +shop @home due:2026-05-12    │                      
                      └──────────────────────────────────────────────────────┘                      
                                                                                                    
                                                                                                    
                                                                                                    
                                                                                                    
                                                                                                    
                                                                                                    
                                                                                                    
 NORMAL   j/k · n new · t timer · T interrupt · x done · / se0 open · 2026-05-06 · tuxtime 2026.7.3
