---
source: tests/snapshots.rs
expression: buffer_to_text(&buf)
---
 FILTERS                   ▶▮◀ done.txt  •  2 tasks  •  sort:compl DETAIL                           
                                                                                                    
 PROJECTS                  2026-05-06  2 completed                 priority                         
   +Smith            1      1 ✓     Firm admin +Admin @ad… 15m DNB created   2026-05-01             
                            2 ✓     Draft motion +Smith @d… 2h 00m projects  +Admin                 
 CONTEXTS                                                          contexts  @admin                 
   tag with @context                                               done      2026-05-06             
                                                                                                    
                                                                   RAW                              
                                                                                                    
                                                                   x 2026-05-06 2026-05-01 Firm     
                                                                   admin +Admin @admin dur:900      
                                                                   bill:n log:2026-05-01            
                                                                                                    
                                                                                                    
                                                                                                    
                                                                                                    
                                                                                                    
                                                                                                    
                                                                                                    
                                                                                                    
                                                                                                    
                                                                                                    
                                                                                                    
                                                                                                    
                                                                                                    
                                                                                                    
                                                                                                    
                                                                                                    
                                                                                                    
                                                                                                    
 ARCHIVE   j/k · n new · t timer · T interrupt · x done ·2 archived · 2026-05-06 · tuxtime 2026.7.5
