---
source: tests/snapshots.rs
expression: buffer_to_text(&buf)
---
 FILTERS                  ┌ Timesheet  Wed 2026-05-06 (week)  by ┐ DETAIL · TIMESHEET               
                          │                                      │                                  
 MATTERS · BILLABLE       │  Tue 2026-05-05                      │ PERIOD                           
   +Smith           4h 15m│  +Smith @drafting  —  2h 0m  (2.0h)  │ billable     4.3h                
                          │    ▸ Draft motion for summary judgmen│ non-billable 0.0h                
 TOTALS                   │  +Smith @research  —  1h 0m  (1.0h)  │ total        4.3h                
   billable         4h 15m│    • Review discovery responses      │                                  
   non-billable         0m│    ──  3h 0m (3.0h)                  │ ENTRY                            
   total            4h 15m│                                      │2026-05-05                        
                          │  Wed 2026-05-06                      │+Smith @drafting                  
                          │  +Smith @drafting  —  30m  (0.5h)    │ group dur     2.0h  · billable   
                          │    • Prepare exhibit list            │ status       open                
                          │  +Smith @meeting  —  45m  (0.8h)     │                                  
                          │    • Conference call with client     │ NARRATIVE 1/1                    
                          │    ──  1h 15m (1.3h)                 │  Draft motion for summary        
                          │                                      │  judgment                        
                          │                                      │                                  
                          │                                      │                                  
                          │                                      │                                  
                          │                                      │                                  
                          │                                      │                                  
                          │                                      │                                  
                          │                                      │                                  
                          │                                      │                                  
                          │                                      │                                  
                          │                                      │                                  
                          │                                      │                                  
                          │                                      │                                  
                          │  Billable:     4h 15m (4.3h)         │                                  
                          │  Total:        4h 15m (4.3h)         │                                  
                          └──────────────────────────────────────┘                                  
 TIMESHEET   j/k navigate  ·  J/K group  ·  Enter edit  ·  b 4 open · 2026-05-06 · tuxtime 2026.7.5
