---
source: tests/snapshots.rs
expression: buffer_to_text(&buf)
---
 FILTERS                  ┌ Timesheet  Wed 2026-05-06 (week)  by ┐ DETAIL · TIMESHEET               
                          │                                      │                                  
 MATTERS · BILLABLE       │  Tue 2026-05-05                      │ PERIOD                           
   +Smith           4h 15m│  +Smith @drafting  —  2h 0m (2.0h) (2│ billable     4.3h                
                          │    • Draft motion for summary judgmen│ non-billable 0.0h                
 TOTALS                   │  +Smith @research  —  1h 0m (1.0h) (1│ total        4.3h                
   billable         4h 15m│    • Review discovery responses      │                                  
   non-billable         0m│    ──  3h 0m (3.0h) (3.0h)           │ ENTRY                            
   total            4h 15m│                                      │2026-05-05                        
                          │  Wed 2026-05-06                      │+Smith @drafting                  
                          │  +Smith @drafting  —  30m (0.5h) (0.5│ group dur    2.0h · billable     
                          │    • Prepare exhibit list            │                                  
                          │  +Smith @meeting  —  45m (0.8h) (0.8h│ NARRATIVE 1/1                    
                          │    • Conference call with client     │  Draft motion for summary        
                          │    ──  1h 15m (1.3h) (1.3h)          │  judgment                        
                          │                                      │                                  
                          │                                      │                                  
                          │                                      │                                  
                          │                                      │                                  
                          │                                      │                                  
                          │                                      │                                  
                          │                                      │                                  
                          │                                      │                                  
                          │                                      │                                  
                          │                                      │                                  
                          │                                      │                                  
                          │                                      │                                  
                          │                                      │                                  
                          │  Billable:     4h 15m (4.3h) (4.3h)  │                                  
                          │  Total:        4h 15m (4.3h) (4.3h)  │                                  
                          └──────────────────────────────────────┘                                  
 TIMESHEET   j/k navigate  ·  Enter edit  ·  b billable  ·  n4 open · 2026-05-06 · tuxtime 2026.7.3
